
      this is some [4m[1mbold text[22m[24m

   [4m[34m[1mderp[22m[39m[24m

[90m         [90mindentation[39m[39m

